2026-09-08 17:09:44,660 - INFO - [31m[1mWARNING: This is a development server. Do not use it in a production deployment. Use a production WSGI server instead.[0m
 * Running on http://127.0.0.1:5000
2026-09-08 17:09:44,660 - INFO - [33mPress CTRL+C to quit[0m
2026-09-08 17:09:44,663 - INFO -  * Restarting with stat
2026-09-08 17:09:45,411 - WARNING -  * Debugger is active!
2026-09-08 17:09:45,442 - INFO -  * Debugger PIN: 109-902-974
2026-09-08 17:10:33,425 - INFO - 127.0.0.1 - - [08/Sep/2026 17:10:33] "GET / HTTP/1.1" 200 -
2026-09-08 17:10:33,741 - INFO - 127.0.0.1 - - [08/Sep/2026 17:10:33] "GET /static/css/style.css HTTP/1.1" 200 -
2026-09-08 17:10:33,743 - INFO - 127.0.0.1 - - [08/Sep/2026 17:10:33] "GET /static/js/script.js HTTP/1.1" 200 -
2026-09-08 17:10:34,042 - INFO - 127.0.0.1 - - [08/Sep/2026 17:10:34] "[33mGET /favicon.ico HTTP/1.1[0m" 404 -
2026-09-08 17:10:53,381 - INFO - 127.0.0.1 - - [08/Sep/2026 17:10:53] "GET / HTTP/1.1" 200 -
2026-09-08 17:10:53,583 - INFO - 127.0.0.1 - - [08/Sep/2026 17:10:53] "GET /static/css/style.css HTTP/1.1" 200 -
2026-09-08 17:10:53,616 - INFO - 127.0.0.1 - - [08/Sep/2026 17:10:53] "GET /static/js/script.js HTTP/1.1" 200 -
2026-09-08 17:10:55,122 - INFO - 127.0.0.1 - - [08/Sep/2026 17:10:55] "[33mGET /favicon.ico HTTP/1.1[0m" 404 -
2026-09-08 17:11:51,002 - DEBUG - Menerima permintaan embed.
2026-09-08 17:11:51,008 - DEBUG - Gambar disimpan di: output/lucu.jpg
2026-09-08 17:11:51,036 - DEBUG - Memulai proses embedding...
2026-09-08 17:11:51,039 - DEBUG - Ukuran kanal Y: (564, 564)
2026-09-08 17:11:51,062 - DEBUG - Jumlah koefisien DCT: 318096
2026-09-08 17:11:51,063 - DEBUG - Panjang bit pesan (termasuk EOF): 48
2026-09-08 17:11:51,063 - DEBUG - Bit pesan: 011010000110000101101100011011111111111111111110
2026-09-08 17:11:51,156 - DEBUG - Jumlah koefisien valid (>=15.0): 67565
2026-09-08 17:11:51,157 - DEBUG - Embed bit 0 pada indeks 10: val=-1181.11, parity=1
2026-09-08 17:11:51,157 - DEBUG - Embed bit 1 pada indeks 11: val=623.82, parity=1
2026-09-08 17:11:51,157 - DEBUG - Embed bit 1 pada indeks 12: val=742.61, parity=0
2026-09-08 17:11:51,157 - DEBUG - Embed bit 0 pada indeks 13: val=-1286.68, parity=0
2026-09-08 17:11:51,157 - DEBUG - Embed bit 1 pada indeks 14: val=900.05, parity=0
2026-09-08 17:11:51,157 - DEBUG - Embed bit 0 pada indeks 15: val=-685.84, parity=1
2026-09-08 17:11:51,158 - DEBUG - Embed bit 0 pada indeks 16: val=-450.24, parity=0
2026-09-08 17:11:51,158 - DEBUG - Embed bit 0 pada indeks 17: val=-193.26, parity=1
2026-09-08 17:11:51,158 - DEBUG - Embed bit 0 pada indeks 18: val=558.52, parity=0
2026-09-08 17:11:51,158 - DEBUG - Embed bit 1 pada indeks 19: val=150.59, parity=0
2026-09-08 17:11:51,158 - DEBUG - Embed bit 1 pada indeks 20: val=337.18, parity=1
2026-09-08 17:11:51,158 - DEBUG - Embed bit 0 pada indeks 22: val=-345.93, parity=1
2026-09-08 17:11:51,158 - DEBUG - Embed bit 0 pada indeks 23: val=-282.04, parity=0
2026-09-08 17:11:51,158 - DEBUG - Embed bit 0 pada indeks 24: val=358.86, parity=0
2026-09-08 17:11:51,158 - DEBUG - Embed bit 0 pada indeks 25: val=-199.15, parity=1
2026-09-08 17:11:51,158 - DEBUG - Embed bit 1 pada indeks 26: val=130.19, parity=0
2026-09-08 17:11:51,158 - DEBUG - Embed bit 0 pada indeks 27: val=104.33, parity=0
2026-09-08 17:11:51,158 - DEBUG - Embed bit 1 pada indeks 28: val=-284.23, parity=0
2026-09-08 17:11:51,159 - DEBUG - Embed bit 1 pada indeks 29: val=488.91, parity=0
2026-09-08 17:11:51,159 - DEBUG - Embed bit 0 pada indeks 30: val=-676.75, parity=0
2026-09-08 17:11:51,159 - DEBUG - Embed bit 1 pada indeks 31: val=443.45, parity=1
2026-09-08 17:11:51,159 - DEBUG - Embed bit 1 pada indeks 32: val=-51.25, parity=1
2026-09-08 17:11:51,159 - DEBUG - Embed bit 0 pada indeks 33: val=33.67, parity=1
2026-09-08 17:11:51,159 - DEBUG - Embed bit 0 pada indeks 34: val=304.79, parity=0
2026-09-08 17:11:51,159 - DEBUG - Embed bit 0 pada indeks 35: val=-344.32, parity=0
2026-09-08 17:11:51,159 - DEBUG - Embed bit 1 pada indeks 36: val=352.99, parity=0
2026-09-08 17:11:51,159 - DEBUG - Embed bit 1 pada indeks 37: val=-142.15, parity=0
2026-09-08 17:11:51,159 - DEBUG - Embed bit 0 pada indeks 38: val=-36.08, parity=0
2026-09-08 17:11:51,159 - DEBUG - Embed bit 1 pada indeks 39: val=115.10, parity=1
2026-09-08 17:11:51,160 - DEBUG - Embed bit 1 pada indeks 41: val=151.73, parity=1
2026-09-08 17:11:51,160 - DEBUG - Embed bit 1 pada indeks 42: val=53.74, parity=1
2026-09-08 17:11:51,160 - DEBUG - Embed bit 1 pada indeks 43: val=-19.40, parity=1
2026-09-08 17:11:51,160 - DEBUG - Embed bit 1 pada indeks 44: val=-44.88, parity=0
2026-09-08 17:11:51,160 - DEBUG - Embed bit 1 pada indeks 45: val=-27.71, parity=1
2026-09-08 17:11:51,160 - DEBUG - Embed bit 1 pada indeks 46: val=343.71, parity=1
2026-09-08 17:11:51,160 - DEBUG - Embed bit 1 pada indeks 47: val=-56.49, parity=0
2026-09-08 17:11:51,160 - DEBUG - Embed bit 1 pada indeks 48: val=21.83, parity=1
2026-09-08 17:11:51,160 - DEBUG - Embed bit 1 pada indeks 49: val=239.31, parity=1
2026-09-08 17:11:51,160 - DEBUG - Embed bit 1 pada indeks 50: val=-240.05, parity=0
2026-09-08 17:11:51,160 - DEBUG - Embed bit 1 pada indeks 51: val=238.36, parity=0
2026-09-08 17:11:51,160 - DEBUG - Embed bit 1 pada indeks 52: val=-183.66, parity=1
2026-09-08 17:11:51,161 - DEBUG - Embed bit 1 pada indeks 53: val=208.44, parity=0
2026-09-08 17:11:51,161 - DEBUG - Embed bit 1 pada indeks 54: val=66.11, parity=0
2026-09-08 17:11:51,161 - DEBUG - Embed bit 1 pada indeks 55: val=-57.84, parity=1
2026-09-08 17:11:51,161 - DEBUG - Embed bit 1 pada indeks 56: val=244.79, parity=0
2026-09-08 17:11:51,161 - DEBUG - Embed bit 1 pada indeks 57: val=-152.82, parity=0
2026-09-08 17:11:51,161 - DEBUG - Embed bit 1 pada indeks 58: val=202.93, parity=0
2026-09-08 17:11:51,161 - DEBUG - Embed bit 0 pada indeks 59: val=34.64, parity=0
2026-09-08 17:11:51,161 - DEBUG - Koefisien yang digunakan: [(10, np.float32(-1181.1085), 1), (11, np.float32(623.8235), 1), (12, np.float32(742.6147), 0), (13, np.float32(-1286.6791), 0), (14, np.float32(900.05054), 0), (15, np.float32(-685.8426), 1), (16, np.float32(-450.2429), 0), (17, np.float32(-193.2583), 1), (18, np.float32(558.52325), 0), (19, np.float32(150.58931), 0), (20, np.float32(337.1783), 1), (22, np.float32(-345.93063), 1), (23, np.float32(-282.03925), 0), (24, np.float32(358.85953), 0), (25, np.float32(-199.14734), 1), (26, np.float32(130.18764), 0), (27, np.float32(104.32868), 0), (28, np.float32(-284.2347), 0), (29, np.float32(488.9097), 0), (30, np.float32(-676.7542), 0), (31, np.float32(443.44638), 1), (32, np.float32(-51.25067), 1), (33, np.float32(33.66708), 1), (34, np.float32(304.79037), 0), (35, np.float32(-344.32004), 0), (36, np.float32(352.9915), 0), (37, np.float32(-142.15228), 0), (38, np.float32(-36.082905), 0), (39, np.float32(115.103294), 1), (41, np.float32(151.73164), 1), (42, np.float32(53.74253), 1), (43, np.float32(-19.400867), 1), (44, np.float32(-44.87858), 0), (45, np.float32(-27.705051), 1), (46, np.float32(343.7058), 1), (47, np.float32(-56.485214), 0), (48, np.float32(21.830292), 1), (49, np.float32(239.31361), 1), (50, np.float32(-240.0548), 0), (51, np.float32(238.3584), 0), (52, np.float32(-183.6615), 1), (53, np.float32(208.44325), 0), (54, np.float32(66.11475), 0), (55, np.float32(-57.8351), 1), (56, np.float32(244.79355), 0), (57, np.float32(-152.82118), 0), (58, np.float32(202.92502), 0), (59, np.float32(34.642548), 0)]
2026-09-08 17:11:51,181 - DEBUG - Sample modified coefficients: [(10, np.float32(-1182.1085)), (11, np.float32(623.8235)), (12, np.float32(743.6147)), (13, np.float32(-1286.6791)), (14, np.float32(901.05054))]
2026-09-08 17:11:51,201 - DEBUG - Saved embedding indices and DCT coefficients for debugging.
2026-09-08 17:11:51,223 - INFO - Embedding berhasil.
2026-09-08 17:11:51,259 - INFO - Gambar stego disimpan di: output/stego_lucu.png
2026-09-08 17:11:51,261 - INFO - 127.0.0.1 - - [08/Sep/2026 17:11:51] "POST /embed HTTP/1.1" 200 -
2026-09-08 17:11:51,304 - DEBUG - Mengunduh file: output/stego_lucu.png
2026-09-08 17:11:51,305 - INFO - 127.0.0.1 - - [08/Sep/2026 17:11:51] "GET /download/stego_lucu.png HTTP/1.1" 200 -
2026-09-08 17:11:54,014 - DEBUG - Mengunduh file: output/stego_lucu.png
2026-09-08 17:11:54,016 - INFO - 127.0.0.1 - - [08/Sep/2026 17:11:54] "GET /download/stego_lucu.png HTTP/1.1" 200 -
2026-09-08 17:12:10,701 - DEBUG - Menerima permintaan ekstraksi.
2026-09-08 17:12:10,751 - DEBUG - Gambar stego disimpan di: output/stego_lucu.png
2026-09-08 17:12:10,763 - DEBUG - Memulai proses ekstraksi...
2026-09-08 17:12:10,763 - DEBUG - Importing PngImagePlugin
2026-09-08 17:12:10,820 - DEBUG - STREAM b'IHDR' 16 13
2026-09-08 17:12:10,820 - DEBUG - STREAM b'IDAT' 41 8192
2026-09-08 17:12:10,830 - DEBUG - Loaded saved DCT coefficients for extraction.
2026-09-08 17:12:10,830 - DEBUG - Sample extracted coefficients: [(10, np.float32(-1182.1085)), (11, np.float32(623.8235)), (12, np.float32(743.6147)), (13, np.float32(-1286.6791)), (14, np.float32(901.05054))]
2026-09-08 17:12:10,834 - DEBUG - Using saved embedding indices for extraction.
2026-09-08 17:12:10,835 - DEBUG - Indeks 10: val=-1182.11, parity=0, bits terakhir=0
2026-09-08 17:12:10,840 - DEBUG - Indeks 11: val=623.82, parity=1, bits terakhir=01
2026-09-08 17:12:10,842 - DEBUG - Indeks 12: val=743.61, parity=1, bits terakhir=011
2026-09-08 17:12:10,842 - DEBUG - Indeks 13: val=-1286.68, parity=0, bits terakhir=0110
2026-09-08 17:12:10,842 - DEBUG - Indeks 14: val=901.05, parity=1, bits terakhir=01101
2026-09-08 17:12:10,843 - DEBUG - Indeks 15: val=-686.84, parity=0, bits terakhir=011010
2026-09-08 17:12:10,843 - DEBUG - Indeks 16: val=-450.24, parity=0, bits terakhir=0110100
2026-09-08 17:12:10,843 - DEBUG - Indeks 17: val=-194.26, parity=0, bits terakhir=01101000
2026-09-08 17:12:10,843 - DEBUG - Indeks 18: val=558.52, parity=0, bits terakhir=011010000
2026-09-08 17:12:10,843 - DEBUG - Indeks 19: val=151.59, parity=1, bits terakhir=0110100001
2026-09-08 17:12:10,843 - DEBUG - Indeks 20: val=337.18, parity=1, bits terakhir=1101000011
2026-09-08 17:12:10,844 - DEBUG - Indeks 22: val=-346.93, parity=0, bits terakhir=1010000110
2026-09-08 17:12:10,844 - DEBUG - Indeks 23: val=-282.04, parity=0, bits terakhir=0100001100
2026-09-08 17:12:10,844 - DEBUG - Indeks 24: val=358.86, parity=0, bits terakhir=1000011000
2026-09-08 17:12:10,844 - DEBUG - Indeks 25: val=-200.15, parity=0, bits terakhir=0000110000
2026-09-08 17:12:10,844 - DEBUG - Indeks 26: val=131.19, parity=1, bits terakhir=0001100001
2026-09-08 17:12:10,844 - DEBUG - Indeks 27: val=104.33, parity=0, bits terakhir=0011000010
2026-09-08 17:12:10,844 - DEBUG - Indeks 28: val=-285.23, parity=1, bits terakhir=0110000101
2026-09-08 17:12:10,844 - DEBUG - Indeks 29: val=489.91, parity=1, bits terakhir=1100001011
2026-09-08 17:12:10,845 - DEBUG - Indeks 30: val=-676.75, parity=0, bits terakhir=1000010110
2026-09-08 17:12:10,845 - DEBUG - Indeks 31: val=443.45, parity=1, bits terakhir=0000101101
2026-09-08 17:12:10,848 - DEBUG - Indeks 32: val=-51.25, parity=1, bits terakhir=0001011011
2026-09-08 17:12:10,848 - DEBUG - Indeks 33: val=34.67, parity=0, bits terakhir=0010110110
2026-09-08 17:12:10,850 - DEBUG - Indeks 34: val=304.79, parity=0, bits terakhir=0101101100
2026-09-08 17:12:10,850 - DEBUG - Indeks 35: val=-344.32, parity=0, bits terakhir=1011011000
2026-09-08 17:12:10,850 - DEBUG - Indeks 36: val=353.99, parity=1, bits terakhir=0110110001
2026-09-08 17:12:10,851 - DEBUG - Indeks 37: val=-143.15, parity=1, bits terakhir=1101100011
2026-09-08 17:12:10,852 - DEBUG - Indeks 38: val=-36.08, parity=0, bits terakhir=1011000110
2026-09-08 17:12:10,852 - DEBUG - Indeks 39: val=115.10, parity=1, bits terakhir=0110001101
2026-09-08 17:12:10,853 - DEBUG - Indeks 41: val=151.73, parity=1, bits terakhir=1100011011
2026-09-08 17:12:10,860 - DEBUG - Indeks 42: val=53.74, parity=1, bits terakhir=1000110111
2026-09-08 17:12:10,860 - DEBUG - Indeks 43: val=-19.40, parity=1, bits terakhir=0001101111
2026-09-08 17:12:10,860 - DEBUG - Indeks 44: val=-45.88, parity=1, bits terakhir=0011011111
2026-09-08 17:12:10,861 - DEBUG - Indeks 45: val=-27.71, parity=1, bits terakhir=0110111111
2026-09-08 17:12:10,862 - DEBUG - Indeks 46: val=343.71, parity=1, bits terakhir=1101111111
2026-09-08 17:12:10,863 - DEBUG - Indeks 47: val=-57.49, parity=1, bits terakhir=1011111111
2026-09-08 17:12:10,863 - DEBUG - Indeks 48: val=21.83, parity=1, bits terakhir=0111111111
2026-09-08 17:12:10,863 - DEBUG - Indeks 49: val=239.31, parity=1, bits terakhir=1111111111
2026-09-08 17:12:10,863 - DEBUG - Indeks 50: val=-241.05, parity=1, bits terakhir=1111111111
2026-09-08 17:12:10,864 - DEBUG - Indeks 51: val=239.36, parity=1, bits terakhir=1111111111
2026-09-08 17:12:10,864 - DEBUG - Indeks 52: val=-183.66, parity=1, bits terakhir=1111111111
2026-09-08 17:12:10,864 - DEBUG - Indeks 53: val=209.44, parity=1, bits terakhir=1111111111
2026-09-08 17:12:10,867 - DEBUG - Indeks 54: val=67.11, parity=1, bits terakhir=1111111111
2026-09-08 17:12:10,868 - DEBUG - Indeks 55: val=-57.84, parity=1, bits terakhir=1111111111
2026-09-08 17:12:10,872 - DEBUG - Indeks 56: val=245.79, parity=1, bits terakhir=1111111111
2026-09-08 17:12:10,874 - DEBUG - Indeks 57: val=-153.82, parity=1, bits terakhir=1111111111
2026-09-08 17:12:10,874 - DEBUG - Indeks 58: val=203.93, parity=1, bits terakhir=1111111111
2026-09-08 17:12:10,874 - DEBUG - Indeks 59: val=34.64, parity=0, bits terakhir=1111111110
2026-09-08 17:12:10,874 - INFO - EOF marker ditemukan pada indeks 59, panjang bit: 32
2026-09-08 17:12:10,875 - INFO - Pesan yang diekstrak: halo
2026-09-08 17:12:10,875 - INFO - Hasil ekstraksi: halo
2026-09-08 17:12:10,878 - INFO - 127.0.0.1 - - [08/Sep/2026 17:12:10] "POST /extract HTTP/1.1" 200 -
